
> lesson1@0.1.0 build
> next build

⚠ Warning: Next.js inferred your workspace root, but it may not be correct.
 We detected multiple lockfiles and selected the directory of C:\Users\looka\package-lock.json as the root directory.
 To silence this warning, set `turbopack.root` in your Next.js config, or consider removing one of the lockfiles if it's not needed.
   See https://nextjs.org/docs/app/api-reference/config/next-config-js/turbopack#root-directory for more information.
 Detected additional lockfiles: 
   * C:\Users\looka\Desktop\next\lesson1\package-lock.json

▲ Next.js 16.2.4 (Turbopack)

  Creating an optimized production build ...
✓ Compiled successfully in 87s
  Running TypeScript ...
  Finished TypeScript in 106s ...
  Collecting page data using 3 workers ...
  Generating static pages using 3 workers (0/9) ...
  Generating static pages using 3 workers (2/9) 
  Generating static pages using 3 workers (4/9) 
  Generating static pages using 3 workers (6/9) 
✓ Generating static pages using 3 workers (9/9) in 12.1s
  Finalizing page optimization ...

Route (app)
┌ ○ /
├ ○ /_not-found
├ ○ /telegram
├ ○ /telegram/bots
├ ○ /telegram/channel
├ ○ /telegram/group
└ ○ /telegram/personal


○  (Static)  prerendered as static content

